// Jest Snapshot v1, https://goo.gl/fbAQLP

exports[`<Loader /> should render the loader 1`] = `
.c0 {
  background: #4480c5;
  background-size: cover;
  width: 100vw;
  height: 100vh;
  position: fixed;
  top: 0;
  left: 0;
  z-index: 9999;
  display: -webkit-box;
  display: -webkit-flex;
  display: -ms-flexbox;
  display: flex;
  -webkit-flex-direction: column;
  -ms-flex-direction: column;
  flex-direction: column;
  -webkit-align-items: center;
  -webkit-box-align: center;
  -ms-flex-align: center;
  align-items: center;
  -webkit-box-pack: center;
  -webkit-justify-content: center;
  -ms-flex-pack: center;
  justify-content: center;
  color: white;
  text-align: center;
}

.c0 .lds-ellipsis {
  display: inline-block;
  position: relative;
  width: 80px;
  height: 80px;
}

.c0 .lds-ellipsis div {
  position: absolute;
  top: 33px;
  width: 13px;
  height: 13px;
  border-radius: 50%;
  background: white;
  -webkit-animation-timing-function: cubic-bezier(0,1,1,0);
  animation-timing-function: cubic-bezier(0,1,1,0);
}

.c0 .lds-ellipsis div:nth-child(1) {
  left: 8px;
  -webkit-animation: lds-ellipsis1 0.6s infinite;
  animation: lds-ellipsis1 0.6s infinite;
}

.c0 .lds-ellipsis div:nth-child(2) {
  left: 8px;
  -webkit-animation: lds-ellipsis2 0.6s infinite;
  animation: lds-ellipsis2 0.6s infinite;
}

.c0 .lds-ellipsis div:nth-child(3) {
  left: 32px;
  -webkit-animation: lds-ellipsis2 0.6s infinite;
  animation: lds-ellipsis2 0.6s infinite;
}

.c0 .lds-ellipsis div:nth-child(4) {
  left: 56px;
  -webkit-animation: lds-ellipsis3 0.6s infinite;
  animation: lds-ellipsis3 0.6s infinite;
}

<div
  class="c0 animate__animated animate__fadeIn"
  data-testid="loader"
  id="loader"
>
  <div
    class="lds-ellipsis"
  >
    <div />
    <div />
    <div />
    <div />
  </div>
</div>
`;
