// Jest Snapshot v1, https://goo.gl/fbAQLP

exports[`<Header /> should principal text exist 1`] = `
.c0 {
  background: white;
  padding: 17px 0;
}

.c6 {
  height: 34px;
  width: 100%;
  background: #e0efe3;
  position: relative;
  margin-bottom: 50px;
  z-index: 0;
}

.c6::after {
  content: '';
  display: block;
  height: 34px;
  width: 100%;
  background-image: url("data:image/svg+xml,%3Csvg xmlns='http://www.w3.org/2000/svg' viewBox='0 70 500 60' preserveAspectRatio='none'%3E%3Crect x='0' y='0' width='500' height='500' style='stroke: none; fill: %23F1F6FB;' /%3E%3Cpath d='M0,100 C150,200 350,0 500,100 L500,00 L0,0 Z' style='stroke: none; fill: %231d5297;'%3E%3C/path%3E%3C/svg%3E");
  background-size: 100% 100%;
}

.c6 a {
  background: url('/img/arrow-bottom.svg') center center no-repeat;
  width: 40px;
  height: 40px;
  display: inline-block;
  position: absolute;
  margin-left: auto;
  margin-right: auto;
  left: 0;
  right: 0;
  text-align: center;
  cursor: pointer;
}

.c2 {
  background: #1d5297;
  width: 100%;
  color: white;
}

.c1 {
  width: 198px;
  height: 35px;
}

.c5 {
  display: -webkit-box;
  display: -webkit-flex;
  display: -ms-flexbox;
  display: flex;
  -webkit-flex-direction: column;
  -ms-flex-direction: column;
  flex-direction: column;
  -webkit-box-pack: center;
  -webkit-justify-content: center;
  -ms-flex-pack: center;
  justify-content: center;
  -webkit-align-items: center;
  -webkit-box-align: center;
  -ms-flex-align: center;
  align-items: center;
  height: 100%;
  padding: 65px 0 52px 0;
}

.c5 span {
  font: SemiBold 16px/27px Montserrat;
  -webkit-letter-spacing: 1.6px;
  -moz-letter-spacing: 1.6px;
  -ms-letter-spacing: 1.6px;
  letter-spacing: 1.6px;
  margin-bottom: 10px;
}

.c5 h1 {
  font: Bold 30px/45px Montserrat;
  -webkit-letter-spacing: 0px;
  -moz-letter-spacing: 0px;
  -ms-letter-spacing: 0px;
  letter-spacing: 0px;
  margin-bottom: 30px;
}

.c5 ul {
  display: -webkit-box;
  display: -webkit-flex;
  display: -ms-flexbox;
  display: flex;
  -webkit-flex-wrap: wrap;
  -ms-flex-wrap: wrap;
  flex-wrap: wrap;
  width: 85%;
  -webkit-box-pack: center;
  -webkit-justify-content: center;
  -ms-flex-pack: center;
  justify-content: center;
  -webkit-align-items: center;
  -webkit-box-align: center;
  -ms-flex-align: center;
  align-items: center;
}

.c5 ul li {
  font: Regular 16px/22px Montserrat;
  -webkit-letter-spacing: 0px;
  -moz-letter-spacing: 0px;
  -ms-letter-spacing: 0px;
  letter-spacing: 0px;
  color: #b9d0ef;
  padding: 10px 20px 10px 20px;
  background: url('/img/icon-check.svg') center left no-repeat;
}

.c3 {
  display: -webkit-box;
  display: -webkit-flex;
  display: -ms-flexbox;
  display: flex;
}

.c4 {
  z-index: 9999;
  width: 50%;
  display: -webkit-box;
  display: -webkit-flex;
  display: -ms-flexbox;
  display: flex;
  -webkit-box-pack: center;
  -webkit-justify-content: center;
  -ms-flex-pack: center;
  justify-content: center;
}

.c4 img {
  width: 75%;
  height: 313px;
  position: relative;
  top: 85px;
}

.c4 img:first-child {
  margin-left: 40px;
}

.c4 img:last-child {
  margin-right: 40px;
}

@media (max-width:768px) {
  .c5 {
    padding: 20px 0;
  }
}

@media (max-width:768px) {
  .c5 h1 {
    font-size: 20px;
  }
}

@media (max-width:1315px) {
  .c5 ul {
    width: 100%;
  }
}

@media (max-width:1315px) {
  .c3 > div {
    padding: 20px;
  }
}

@media (max-width:1180px) {
  .c4 {
    display: none;
  }
}

<div>
  <div
    id="header"
  >
    <div
      class="c0"
    >
      <div
        class="container"
      >
        <img
          alt="Logo"
          class="c1"
          src="/img/hostgator-logo.svg"
        />
      </div>
    </div>
    <div
      class="c2"
    >
      <div
        class="c3 container-fluid"
      >
        <div
          class="c4 text-left"
        >
          <span
            style="box-sizing: border-box; display: inline-block; overflow: hidden; background: none; opacity: 1; border: 0px; margin: 0px; padding: 0px; position: relative; max-width: 100%;"
          >
            <span
              style="box-sizing: border-box; display: block; background: none; opacity: 1; border: 0px; margin: 0px; padding: 0px; max-width: 100%;"
            >
              <img
                alt=""
                aria-hidden="true"
                src="data:image/svg+xml,%3csvg%20xmlns=%27http://www.w3.org/2000/svg%27%20version=%271.1%27%20width=%27485%27%20height=%27353%27/%3e"
                style="display: block; max-width: 100%; background: none; opacity: 1; border: 0px; margin: 0px; padding: 0px;"
              />
            </span>
            <img
              alt="Logo"
              data-nimg="intrinsic"
              decoding="async"
              src="data:image/gif;base64,R0lGODlhAQABAIAAAAAAAP///yH5BAEAAAAALAAAAAABAAEAAAIBRAA7"
              style="position: absolute; top: 0px; left: 0px; bottom: 0px; right: 0px; box-sizing: border-box; padding: 0px; margin: auto; display: block; width: 0px; height: 0px; min-width: 100%; max-width: 100%; min-height: 100%; max-height: 100%;"
            />
            <noscript />
          </span>
        </div>
        <div
          class="text-center"
        >
          <div
            class="c5 animate__animated animate__backInDown"
          >
            <span
              data-testid="principal-text"
            >
              Hospedagem de Sites
            </span>
            <h1>
              Tenha uma hospedagem de sites est√°vel e evite perder visitantes diariamente
            </h1>
            <ul>
              <li>
                99,9% de disponibilidade: seu site sempre no ar
              </li>
              <li>
                Suporte 24h, todos os dias
              </li>
              <li>
                Painel de Controle cPanel
              </li>
            </ul>
          </div>
        </div>
        <div
          class="c4 text-right"
        >
          <span
            style="box-sizing: border-box; display: inline-block; overflow: hidden; background: none; opacity: 1; border: 0px; margin: 0px; padding: 0px; position: relative; max-width: 100%;"
          >
            <span
              style="box-sizing: border-box; display: block; background: none; opacity: 1; border: 0px; margin: 0px; padding: 0px; max-width: 100%;"
            >
              <img
                alt=""
                aria-hidden="true"
                src="data:image/svg+xml,%3csvg%20xmlns=%27http://www.w3.org/2000/svg%27%20version=%271.1%27%20width=%27439%27%20height=%27347%27/%3e"
                style="display: block; max-width: 100%; background: none; opacity: 1; border: 0px; margin: 0px; padding: 0px;"
              />
            </span>
            <img
              alt="Logo"
              data-nimg="intrinsic"
              decoding="async"
              src="data:image/gif;base64,R0lGODlhAQABAIAAAAAAAP///yH5BAEAAAAALAAAAAABAAEAAAIBRAA7"
              style="position: absolute; top: 0px; left: 0px; bottom: 0px; right: 0px; box-sizing: border-box; padding: 0px; margin: auto; display: block; width: 0px; height: 0px; min-width: 100%; max-width: 100%; min-height: 100%; max-height: 100%;"
            />
            <noscript />
          </span>
        </div>
      </div>
    </div>
    <div
      class="c6"
    >
      <a
        href="#choose"
      />
    </div>
  </div>
</div>
`;

exports[`<Header /> should render the logo in header 1`] = `
.c0 {
  background: white;
  padding: 17px 0;
}

.c6 {
  height: 34px;
  width: 100%;
  background: #e0efe3;
  position: relative;
  margin-bottom: 50px;
  z-index: 0;
}

.c6::after {
  content: '';
  display: block;
  height: 34px;
  width: 100%;
  background-image: url("data:image/svg+xml,%3Csvg xmlns='http://www.w3.org/2000/svg' viewBox='0 70 500 60' preserveAspectRatio='none'%3E%3Crect x='0' y='0' width='500' height='500' style='stroke: none; fill: %23F1F6FB;' /%3E%3Cpath d='M0,100 C150,200 350,0 500,100 L500,00 L0,0 Z' style='stroke: none; fill: %231d5297;'%3E%3C/path%3E%3C/svg%3E");
  background-size: 100% 100%;
}

.c6 a {
  background: url('/img/arrow-bottom.svg') center center no-repeat;
  width: 40px;
  height: 40px;
  display: inline-block;
  position: absolute;
  margin-left: auto;
  margin-right: auto;
  left: 0;
  right: 0;
  text-align: center;
  cursor: pointer;
}

.c2 {
  background: #1d5297;
  width: 100%;
  color: white;
}

.c1 {
  width: 198px;
  height: 35px;
}

.c5 {
  display: -webkit-box;
  display: -webkit-flex;
  display: -ms-flexbox;
  display: flex;
  -webkit-flex-direction: column;
  -ms-flex-direction: column;
  flex-direction: column;
  -webkit-box-pack: center;
  -webkit-justify-content: center;
  -ms-flex-pack: center;
  justify-content: center;
  -webkit-align-items: center;
  -webkit-box-align: center;
  -ms-flex-align: center;
  align-items: center;
  height: 100%;
  padding: 65px 0 52px 0;
}

.c5 span {
  font: SemiBold 16px/27px Montserrat;
  -webkit-letter-spacing: 1.6px;
  -moz-letter-spacing: 1.6px;
  -ms-letter-spacing: 1.6px;
  letter-spacing: 1.6px;
  margin-bottom: 10px;
}

.c5 h1 {
  font: Bold 30px/45px Montserrat;
  -webkit-letter-spacing: 0px;
  -moz-letter-spacing: 0px;
  -ms-letter-spacing: 0px;
  letter-spacing: 0px;
  margin-bottom: 30px;
}

.c5 ul {
  display: -webkit-box;
  display: -webkit-flex;
  display: -ms-flexbox;
  display: flex;
  -webkit-flex-wrap: wrap;
  -ms-flex-wrap: wrap;
  flex-wrap: wrap;
  width: 85%;
  -webkit-box-pack: center;
  -webkit-justify-content: center;
  -ms-flex-pack: center;
  justify-content: center;
  -webkit-align-items: center;
  -webkit-box-align: center;
  -ms-flex-align: center;
  align-items: center;
}

.c5 ul li {
  font: Regular 16px/22px Montserrat;
  -webkit-letter-spacing: 0px;
  -moz-letter-spacing: 0px;
  -ms-letter-spacing: 0px;
  letter-spacing: 0px;
  color: #b9d0ef;
  padding: 10px 20px 10px 20px;
  background: url('/img/icon-check.svg') center left no-repeat;
}

.c3 {
  display: -webkit-box;
  display: -webkit-flex;
  display: -ms-flexbox;
  display: flex;
}

.c4 {
  z-index: 9999;
  width: 50%;
  display: -webkit-box;
  display: -webkit-flex;
  display: -ms-flexbox;
  display: flex;
  -webkit-box-pack: center;
  -webkit-justify-content: center;
  -ms-flex-pack: center;
  justify-content: center;
}

.c4 img {
  width: 75%;
  height: 313px;
  position: relative;
  top: 85px;
}

.c4 img:first-child {
  margin-left: 40px;
}

.c4 img:last-child {
  margin-right: 40px;
}

@media (max-width:768px) {
  .c5 {
    padding: 20px 0;
  }
}

@media (max-width:768px) {
  .c5 h1 {
    font-size: 20px;
  }
}

@media (max-width:1315px) {
  .c5 ul {
    width: 100%;
  }
}

@media (max-width:1315px) {
  .c3 > div {
    padding: 20px;
  }
}

@media (max-width:1180px) {
  .c4 {
    display: none;
  }
}

<div>
  <div
    id="header"
  >
    <div
      class="c0"
    >
      <div
        class="container"
      >
        <img
          alt="Logo"
          class="c1"
          src="/img/hostgator-logo.svg"
        />
      </div>
    </div>
    <div
      class="c2"
    >
      <div
        class="c3 container-fluid"
      >
        <div
          class="c4 text-left"
        >
          <span
            style="box-sizing: border-box; display: inline-block; overflow: hidden; background: none; opacity: 1; border: 0px; margin: 0px; padding: 0px; position: relative; max-width: 100%;"
          >
            <span
              style="box-sizing: border-box; display: block; background: none; opacity: 1; border: 0px; margin: 0px; padding: 0px; max-width: 100%;"
            >
              <img
                alt=""
                aria-hidden="true"
                src="data:image/svg+xml,%3csvg%20xmlns=%27http://www.w3.org/2000/svg%27%20version=%271.1%27%20width=%27485%27%20height=%27353%27/%3e"
                style="display: block; max-width: 100%; background: none; opacity: 1; border: 0px; margin: 0px; padding: 0px;"
              />
            </span>
            <img
              alt="Logo"
              data-nimg="intrinsic"
              decoding="async"
              src="data:image/gif;base64,R0lGODlhAQABAIAAAAAAAP///yH5BAEAAAAALAAAAAABAAEAAAIBRAA7"
              style="position: absolute; top: 0px; left: 0px; bottom: 0px; right: 0px; box-sizing: border-box; padding: 0px; margin: auto; display: block; width: 0px; height: 0px; min-width: 100%; max-width: 100%; min-height: 100%; max-height: 100%;"
            />
            <noscript />
          </span>
        </div>
        <div
          class="text-center"
        >
          <div
            class="c5 animate__animated animate__backInDown"
          >
            <span
              data-testid="principal-text"
            >
              Hospedagem de Sites
            </span>
            <h1>
              Tenha uma hospedagem de sites est√°vel e evite perder visitantes diariamente
            </h1>
            <ul>
              <li>
                99,9% de disponibilidade: seu site sempre no ar
              </li>
              <li>
                Suporte 24h, todos os dias
              </li>
              <li>
                Painel de Controle cPanel
              </li>
            </ul>
          </div>
        </div>
        <div
          class="c4 text-right"
        >
          <span
            style="box-sizing: border-box; display: inline-block; overflow: hidden; background: none; opacity: 1; border: 0px; margin: 0px; padding: 0px; position: relative; max-width: 100%;"
          >
            <span
              style="box-sizing: border-box; display: block; background: none; opacity: 1; border: 0px; margin: 0px; padding: 0px; max-width: 100%;"
            >
              <img
                alt=""
                aria-hidden="true"
                src="data:image/svg+xml,%3csvg%20xmlns=%27http://www.w3.org/2000/svg%27%20version=%271.1%27%20width=%27439%27%20height=%27347%27/%3e"
                style="display: block; max-width: 100%; background: none; opacity: 1; border: 0px; margin: 0px; padding: 0px;"
              />
            </span>
            <img
              alt="Logo"
              data-nimg="intrinsic"
              decoding="async"
              src="data:image/gif;base64,R0lGODlhAQABAIAAAAAAAP///yH5BAEAAAAALAAAAAABAAEAAAIBRAA7"
              style="position: absolute; top: 0px; left: 0px; bottom: 0px; right: 0px; box-sizing: border-box; padding: 0px; margin: auto; display: block; width: 0px; height: 0px; min-width: 100%; max-width: 100%; min-height: 100%; max-height: 100%;"
            />
            <noscript />
          </span>
        </div>
      </div>
    </div>
    <div
      class="c6"
    >
      <a
        href="#choose"
      />
    </div>
  </div>
</div>
`;
